// Jest Snapshot v1, https://goo.gl/fbAQLP

exports[`JSON object representation renders similar ASE JSON objects 1`] = `
Array [
  Object {
    "color": Array [
      0,
      0,
      0,
    ],
    "model": "RGB",
    "name": "black-base",
    "type": "global",
  },
  Object {
    "color": Array [
      0,
      0.47843137254901963,
      0.807843137254902,
    ],
    "model": "RGB",
    "name": "blue-base",
    "type": "global",
  },
  Object {
    "color": Array [
      0.03137254901960784,
      0.3058823529411765,
      0.5411764705882353,
    ],
    "model": "RGB",
    "name": "blue-dark",
    "type": "global",
  },
  Object {
    "color": Array [
      0,
      0.0784313725490196,
      0.1607843137254902,
    ],
    "model": "RGB",
    "name": "blue-darker",
    "type": "global",
  },
  Object {
    "color": Array [
      0.7058823529411765,
      0.8823529411764706,
      0.9803921568627451,
    ],
    "model": "RGB",
    "name": "blue-light",
    "type": "global",
  },
  Object {
    "color": Array [
      0.9215686274509803,
      0.9607843137254902,
      0.9803921568627451,
    ],
    "model": "RGB",
    "name": "blue-lighter",
    "type": "global",
  },
  Object {
    "color": Array [
      0.24313725490196078,
      0.3058823529411765,
      0.3411764705882353,
    ],
    "model": "RGB",
    "name": "blue-text",
    "type": "global",
  },
  Object {
    "color": Array [
      0.3137254901960784,
      0.7215686274509804,
      0.23529411764705882,
    ],
    "model": "RGB",
    "name": "green-base",
    "type": "global",
  },
  Object {
    "color": Array [
      0.06274509803921569,
      0.5019607843137255,
      0.2627450980392157,
    ],
    "model": "RGB",
    "name": "green-dark",
    "type": "global",
  },
  Object {
    "color": Array [
      0.09019607843137255,
      0.21176470588235294,
      0.18823529411764706,
    ],
    "model": "RGB",
    "name": "green-darker",
    "type": "global",
  },
  Object {
    "color": Array [
      0.7333333333333333,
      0.8980392156862745,
      0.7019607843137254,
    ],
    "model": "RGB",
    "name": "green-light",
    "type": "global",
  },
  Object {
    "color": Array [
      0.8901960784313725,
      0.9450980392156862,
      0.8745098039215686,
    ],
    "model": "RGB",
    "name": "green-lighter",
    "type": "global",
  },
  Object {
    "color": Array [
      0.2549019607843137,
      0.30980392156862746,
      0.24313725490196078,
    ],
    "model": "RGB",
    "name": "green-text",
    "type": "global",
  },
  Object {
    "color": Array [
      0.3607843137254902,
      0.41568627450980394,
      0.7686274509803922,
    ],
    "model": "RGB",
    "name": "indigo-base",
    "type": "global",
  },
  Object {
    "color": Array [
      0.12549019607843137,
      0.1803921568627451,
      0.47058823529411764,
    ],
    "model": "RGB",
    "name": "indigo-dark",
    "type": "global",
  },
  Object {
    "color": Array [
      0,
      0.023529411764705882,
      0.2235294117647059,
    ],
    "model": "RGB",
    "name": "indigo-darker",
    "type": "global",
  },
  Object {
    "color": Array [
      0.7019607843137254,
      0.7372549019607844,
      0.9607843137254902,
    ],
    "model": "RGB",
    "name": "indigo-light",
    "type": "global",
  },
  Object {
    "color": Array [
      0.9568627450980393,
      0.9607843137254902,
      0.9803921568627451,
    ],
    "model": "RGB",
    "name": "indigo-lighter",
    "type": "global",
  },
  Object {
    "color": Array [
      0.24313725490196078,
      0.2549019607843137,
      0.3333333333333333,
    ],
    "model": "RGB",
    "name": "indigo-text",
    "type": "global",
  },
  Object {
    "color": Array [
      0.12941176470588237,
      0.16862745098039217,
      0.21176470588235294,
    ],
    "model": "RGB",
    "name": "ink-base",
    "type": "global",
  },
  Object {
    "color": Array [
      0.27058823529411763,
      0.30980392156862746,
      0.3568627450980392,
    ],
    "model": "RGB",
    "name": "ink-light",
    "type": "global",
  },
  Object {
    "color": Array [
      0.38823529411764707,
      0.45098039215686275,
      0.5058823529411764,
    ],
    "model": "RGB",
    "name": "ink-lighter",
    "type": "global",
  },
  Object {
    "color": Array [
      0.5686274509803921,
      0.6196078431372549,
      0.6705882352941176,
    ],
    "model": "RGB",
    "name": "ink-lightest",
    "type": "global",
  },
  Object {
    "color": Array [
      0.9568627450980393,
      0.5764705882352941,
      0.25882352941176473,
    ],
    "model": "RGB",
    "name": "orange-base",
    "type": "global",
  },
  Object {
    "color": Array [
      0.7529411764705882,
      0.3411764705882353,
      0.09019607843137255,
    ],
    "model": "RGB",
    "name": "orange-dark",
    "type": "global",
  },
  Object {
    "color": Array [
      0.2901960784313726,
      0.08235294117647059,
      0.01568627450980392,
    ],
    "model": "RGB",
    "name": "orange-darker",
    "type": "global",
  },
  Object {
    "color": Array [
      1,
      0.7725490196078432,
      0.5450980392156862,
    ],
    "model": "RGB",
    "name": "orange-light",
    "type": "global",
  },
  Object {
    "color": Array [
      0.9882352941176471,
      0.9215686274509803,
      0.8588235294117647,
    ],
    "model": "RGB",
    "name": "orange-lighter",
    "type": "global",
  },
  Object {
    "color": Array [
      0.34901960784313724,
      0.26666666666666666,
      0.18823529411764706,
    ],
    "model": "RGB",
    "name": "orange-text",
    "type": "global",
  },
  Object {
    "color": Array [
      0.611764705882353,
      0.41568627450980394,
      0.8705882352941177,
    ],
    "model": "RGB",
    "name": "purple-base",
    "type": "global",
  },
  Object {
    "color": Array [
      0.3137254901960784,
      0.1411764705882353,
      0.5607843137254902,
    ],
    "model": "RGB",
    "name": "purple-dark",
    "type": "global",
  },
  Object {
    "color": Array [
      0.13725490196078433,
      0,
      0.3176470588235294,
    ],
    "model": "RGB",
    "name": "purple-darker",
    "type": "global",
  },
  Object {
    "color": Array [
      0.8901960784313725,
      0.8156862745098039,
      1,
    ],
    "model": "RGB",
    "name": "purple-light",
    "type": "global",
  },
  Object {
    "color": Array [
      0.9647058823529412,
      0.9411764705882353,
      0.9921568627450981,
    ],
    "model": "RGB",
    "name": "purple-lighter",
    "type": "global",
  },
  Object {
    "color": Array [
      0.3137254901960784,
      0.28627450980392155,
      0.35294117647058826,
    ],
    "model": "RGB",
    "name": "purple-text",
    "type": "global",
  },
  Object {
    "color": Array [
      0.8705882352941177,
      0.21176470588235294,
      0.09411764705882353,
    ],
    "model": "RGB",
    "name": "red-base",
    "type": "global",
  },
  Object {
    "color": Array [
      0.7490196078431373,
      0.027450980392156862,
      0.06666666666666667,
    ],
    "model": "RGB",
    "name": "red-dark",
    "type": "global",
  },
  Object {
    "color": Array [
      0.2,
      0.00392156862745098,
      0.00392156862745098,
    ],
    "model": "RGB",
    "name": "red-darker",
    "type": "global",
  },
  Object {
    "color": Array [
      0.996078431372549,
      0.6784313725490196,
      0.6039215686274509,
    ],
    "model": "RGB",
    "name": "red-light",
    "type": "global",
  },
  Object {
    "color": Array [
      0.984313725490196,
      0.9176470588235294,
      0.8980392156862745,
    ],
    "model": "RGB",
    "name": "red-lighter",
    "type": "global",
  },
  Object {
    "color": Array [
      0.34509803921568627,
      0.23529411764705882,
      0.20784313725490197,
    ],
    "model": "RGB",
    "name": "red-text",
    "type": "global",
  },
  Object {
    "color": Array [
      0.8745098039215686,
      0.8901960784313725,
      0.9098039215686274,
    ],
    "model": "RGB",
    "name": "sky-base",
    "type": "global",
  },
  Object {
    "color": Array [
      0.7686274509803922,
      0.803921568627451,
      0.8352941176470589,
    ],
    "model": "RGB",
    "name": "sky-dark",
    "type": "global",
  },
  Object {
    "color": Array [
      0.9568627450980393,
      0.9647058823529412,
      0.9725490196078431,
    ],
    "model": "RGB",
    "name": "sky-light",
    "type": "global",
  },
  Object {
    "color": Array [
      0.9764705882352941,
      0.9803921568627451,
      0.984313725490196,
    ],
    "model": "RGB",
    "name": "sky-lighter",
    "type": "global",
  },
  Object {
    "color": Array [
      0.2784313725490196,
      0.7568627450980392,
      0.7490196078431373,
    ],
    "model": "RGB",
    "name": "teal-base",
    "type": "global",
  },
  Object {
    "color": Array [
      0,
      0.5176470588235295,
      0.5568627450980392,
    ],
    "model": "RGB",
    "name": "teal-dark",
    "type": "global",
  },
  Object {
    "color": Array [
      0,
      0.19215686274509805,
      0.20784313725490197,
    ],
    "model": "RGB",
    "name": "teal-darker",
    "type": "global",
  },
  Object {
    "color": Array [
      0.7176470588235294,
      0.9254901960784314,
      0.9254901960784314,
    ],
    "model": "RGB",
    "name": "teal-light",
    "type": "global",
  },
  Object {
    "color": Array [
      0.8784313725490196,
      0.9607843137254902,
      0.9607843137254902,
    ],
    "model": "RGB",
    "name": "teal-lighter",
    "type": "global",
  },
  Object {
    "color": Array [
      0.25098039215686274,
      0.3254901960784314,
      0.3215686274509804,
    ],
    "model": "RGB",
    "name": "teal-text",
    "type": "global",
  },
  Object {
    "color": Array [
      1,
      1,
      1,
    ],
    "model": "RGB",
    "name": "white-base",
    "type": "global",
  },
  Object {
    "color": Array [
      0.9333333333333333,
      0.7607843137254902,
      0,
    ],
    "model": "RGB",
    "name": "yellow-base",
    "type": "global",
  },
  Object {
    "color": Array [
      0.611764705882353,
      0.43529411764705883,
      0.09803921568627451,
    ],
    "model": "RGB",
    "name": "yellow-dark",
    "type": "global",
  },
  Object {
    "color": Array [
      0.3411764705882353,
      0.23137254901960785,
      0,
    ],
    "model": "RGB",
    "name": "yellow-darker",
    "type": "global",
  },
  Object {
    "color": Array [
      1,
      0.9176470588235294,
      0.5411764705882353,
    ],
    "model": "RGB",
    "name": "yellow-light",
    "type": "global",
  },
  Object {
    "color": Array [
      0.9882352941176471,
      0.9450980392156862,
      0.803921568627451,
    ],
    "model": "RGB",
    "name": "yellow-lighter",
    "type": "global",
  },
  Object {
    "color": Array [
      0.34901960784313724,
      0.3176470588235294,
      0.18823529411764706,
    ],
    "model": "RGB",
    "name": "yellow-text",
    "type": "global",
  },
]
`;

exports[`JSON object representation renders similar JSON objects 1`] = `
Object {
  "color-black-base": "rgb(0, 0, 0)",
  "color-blue-base": "rgb(0, 122, 206)",
  "color-blue-dark": "rgb(8, 78, 138)",
  "color-blue-darker": "rgb(0, 20, 41)",
  "color-blue-light": "rgb(180, 225, 250)",
  "color-blue-lighter": "rgb(235, 245, 250)",
  "color-blue-text": "rgb(62, 78, 87)",
  "color-green-base": "rgb(80, 184, 60)",
  "color-green-dark": "rgb(16, 128, 67)",
  "color-green-darker": "rgb(23, 54, 48)",
  "color-green-light": "rgb(187, 229, 179)",
  "color-green-lighter": "rgb(227, 241, 223)",
  "color-green-text": "rgb(65, 79, 62)",
  "color-indigo-base": "rgb(92, 106, 196)",
  "color-indigo-dark": "rgb(32, 46, 120)",
  "color-indigo-darker": "rgb(0, 6, 57)",
  "color-indigo-light": "rgb(179, 188, 245)",
  "color-indigo-lighter": "rgb(244, 245, 250)",
  "color-indigo-text": "rgb(62, 65, 85)",
  "color-ink-base": "rgb(33, 43, 54)",
  "color-ink-light": "rgb(69, 79, 91)",
  "color-ink-lighter": "rgb(99, 115, 129)",
  "color-ink-lightest": "rgb(145, 158, 171)",
  "color-orange-base": "rgb(244, 147, 66)",
  "color-orange-dark": "rgb(192, 87, 23)",
  "color-orange-darker": "rgb(74, 21, 4)",
  "color-orange-light": "rgb(255, 197, 139)",
  "color-orange-lighter": "rgb(252, 235, 219)",
  "color-orange-text": "rgb(89, 68, 48)",
  "color-purple-base": "rgb(156, 106, 222)",
  "color-purple-dark": "rgb(80, 36, 143)",
  "color-purple-darker": "rgb(35, 0, 81)",
  "color-purple-light": "rgb(227, 208, 255)",
  "color-purple-lighter": "rgb(246, 240, 253)",
  "color-purple-text": "rgb(80, 73, 90)",
  "color-red-base": "rgb(222, 54, 24)",
  "color-red-dark": "rgb(191, 7, 17)",
  "color-red-darker": "rgb(51, 1, 1)",
  "color-red-light": "rgb(254, 173, 154)",
  "color-red-lighter": "rgb(251, 234, 229)",
  "color-red-text": "rgb(88, 60, 53)",
  "color-sky-base": "rgb(223, 227, 232)",
  "color-sky-dark": "rgb(196, 205, 213)",
  "color-sky-light": "rgb(244, 246, 248)",
  "color-sky-lighter": "rgb(249, 250, 251)",
  "color-teal-base": "rgb(71, 193, 191)",
  "color-teal-dark": "rgb(0, 132, 142)",
  "color-teal-darker": "rgb(0, 49, 53)",
  "color-teal-light": "rgb(183, 236, 236)",
  "color-teal-lighter": "rgb(224, 245, 245)",
  "color-teal-text": "rgb(64, 83, 82)",
  "color-white-base": "rgb(255, 255, 255)",
  "color-yellow-base": "rgb(238, 194, 0)",
  "color-yellow-dark": "rgb(156, 111, 25)",
  "color-yellow-darker": "rgb(87, 59, 0)",
  "color-yellow-light": "rgb(255, 234, 138)",
  "color-yellow-lighter": "rgb(252, 241, 205)",
  "color-yellow-text": "rgb(89, 81, 48)",
}
`;

exports[`JSON object representation renders similar RAW JSON objects 1`] = `
Object {
  "color-black-base": Object {
    "value": "#000000",
  },
  "color-blue-base": Object {
    "value": "#007ace",
  },
  "color-blue-dark": Object {
    "value": "#084e8a",
  },
  "color-blue-darker": Object {
    "value": "#001429",
  },
  "color-blue-light": Object {
    "value": "#b4e1fa",
  },
  "color-blue-lighter": Object {
    "value": "#ebf5fa",
  },
  "color-blue-text": Object {
    "value": "#3e4e57",
  },
  "color-green-base": Object {
    "value": "#50b83c",
  },
  "color-green-dark": Object {
    "value": "#108043",
  },
  "color-green-darker": Object {
    "value": "#173630",
  },
  "color-green-light": Object {
    "value": "#bbe5b3",
  },
  "color-green-lighter": Object {
    "value": "#e3f1df",
  },
  "color-green-text": Object {
    "value": "#414f3e",
  },
  "color-indigo-base": Object {
    "value": "#5c6ac4",
  },
  "color-indigo-dark": Object {
    "value": "#202e78",
  },
  "color-indigo-darker": Object {
    "value": "#000639",
  },
  "color-indigo-light": Object {
    "value": "#b3bcf5",
  },
  "color-indigo-lighter": Object {
    "value": "#f4f5fa",
  },
  "color-indigo-text": Object {
    "value": "#3e4155",
  },
  "color-ink-base": Object {
    "value": "#212b36",
  },
  "color-ink-light": Object {
    "value": "#454f5b",
  },
  "color-ink-lighter": Object {
    "value": "#637381",
  },
  "color-ink-lightest": Object {
    "value": "#919eab",
  },
  "color-orange-base": Object {
    "value": "#f49342",
  },
  "color-orange-dark": Object {
    "value": "#c05717",
  },
  "color-orange-darker": Object {
    "value": "#4a1504",
  },
  "color-orange-light": Object {
    "value": "#ffc58b",
  },
  "color-orange-lighter": Object {
    "value": "#fcebdb",
  },
  "color-orange-text": Object {
    "value": "#594430",
  },
  "color-purple-base": Object {
    "value": "#9c6ade",
  },
  "color-purple-dark": Object {
    "value": "#50248f",
  },
  "color-purple-darker": Object {
    "value": "#230051",
  },
  "color-purple-light": Object {
    "value": "#e3d0ff",
  },
  "color-purple-lighter": Object {
    "value": "#f6f0fd",
  },
  "color-purple-text": Object {
    "value": "#50495a",
  },
  "color-red-base": Object {
    "value": "#de3618",
  },
  "color-red-dark": Object {
    "value": "#bf0711",
  },
  "color-red-darker": Object {
    "value": "#330101",
  },
  "color-red-light": Object {
    "value": "#fead9a",
  },
  "color-red-lighter": Object {
    "value": "#fbeae5",
  },
  "color-red-text": Object {
    "value": "#583c35",
  },
  "color-sky-base": Object {
    "value": "#dfe3e8",
  },
  "color-sky-dark": Object {
    "value": "#c4cdd5",
  },
  "color-sky-light": Object {
    "value": "#f4f6f8",
  },
  "color-sky-lighter": Object {
    "value": "#f9fafb",
  },
  "color-teal-base": Object {
    "value": "#47c1bf",
  },
  "color-teal-dark": Object {
    "value": "#00848e",
  },
  "color-teal-darker": Object {
    "value": "#003135",
  },
  "color-teal-light": Object {
    "value": "#b7ecec",
  },
  "color-teal-lighter": Object {
    "value": "#e0f5f5",
  },
  "color-teal-text": Object {
    "value": "#405352",
  },
  "color-white-base": Object {
    "value": "#ffffff",
  },
  "color-yellow-base": Object {
    "value": "#eec200",
  },
  "color-yellow-dark": Object {
    "value": "#9c6f19",
  },
  "color-yellow-darker": Object {
    "value": "#573b00",
  },
  "color-yellow-light": Object {
    "value": "#ffea8a",
  },
  "color-yellow-lighter": Object {
    "value": "#fcf1cd",
  },
  "color-yellow-text": Object {
    "value": "#595130",
  },
}
`;

exports[`JSON object representation renders similar RAW JSON objects 2`] = `
Array [
  Object {
    "category": "background-color",
    "name": "color-black-base",
    "originalValue": "{!color-black-base}",
    "type": "color",
    "value": "rgb(0, 0, 0)",
  },
  Object {
    "category": "background-color",
    "name": "color-blue-base",
    "originalValue": "{!color-blue-base}",
    "type": "color",
    "value": "rgb(0, 122, 206)",
  },
  Object {
    "category": "background-color",
    "name": "color-blue-dark",
    "originalValue": "{!color-blue-dark}",
    "type": "color",
    "value": "rgb(8, 78, 138)",
  },
  Object {
    "category": "background-color",
    "name": "color-blue-darker",
    "originalValue": "{!color-blue-darker}",
    "type": "color",
    "value": "rgb(0, 20, 41)",
  },
  Object {
    "category": "background-color",
    "name": "color-blue-light",
    "originalValue": "{!color-blue-light}",
    "type": "color",
    "value": "rgb(180, 225, 250)",
  },
  Object {
    "category": "background-color",
    "name": "color-blue-lighter",
    "originalValue": "{!color-blue-lighter}",
    "type": "color",
    "value": "rgb(235, 245, 250)",
  },
  Object {
    "category": "text-color",
    "name": "color-blue-text",
    "originalValue": "{!color-blue-text}",
    "type": "color",
    "value": "rgb(62, 78, 87)",
  },
  Object {
    "category": "background-color",
    "name": "color-green-base",
    "originalValue": "{!color-green-base}",
    "type": "color",
    "value": "rgb(80, 184, 60)",
  },
  Object {
    "category": "background-color",
    "name": "color-green-dark",
    "originalValue": "{!color-green-dark}",
    "type": "color",
    "value": "rgb(16, 128, 67)",
  },
  Object {
    "category": "background-color",
    "name": "color-green-darker",
    "originalValue": "{!color-green-darker}",
    "type": "color",
    "value": "rgb(23, 54, 48)",
  },
  Object {
    "category": "background-color",
    "name": "color-green-light",
    "originalValue": "{!color-green-light}",
    "type": "color",
    "value": "rgb(187, 229, 179)",
  },
  Object {
    "category": "background-color",
    "name": "color-green-lighter",
    "originalValue": "{!color-green-lighter}",
    "type": "color",
    "value": "rgb(227, 241, 223)",
  },
  Object {
    "category": "text-color",
    "name": "color-green-text",
    "originalValue": "{!color-green-text}",
    "type": "color",
    "value": "rgb(65, 79, 62)",
  },
  Object {
    "category": "background-color",
    "name": "color-indigo-base",
    "originalValue": "{!color-indigo-base}",
    "type": "color",
    "value": "rgb(92, 106, 196)",
  },
  Object {
    "category": "background-color",
    "name": "color-indigo-dark",
    "originalValue": "{!color-indigo-dark}",
    "type": "color",
    "value": "rgb(32, 46, 120)",
  },
  Object {
    "category": "background-color",
    "name": "color-indigo-darker",
    "originalValue": "{!color-indigo-darker}",
    "type": "color",
    "value": "rgb(0, 6, 57)",
  },
  Object {
    "category": "background-color",
    "name": "color-indigo-light",
    "originalValue": "{!color-indigo-light}",
    "type": "color",
    "value": "rgb(179, 188, 245)",
  },
  Object {
    "category": "background-color",
    "name": "color-indigo-lighter",
    "originalValue": "{!color-indigo-lighter}",
    "type": "color",
    "value": "rgb(244, 245, 250)",
  },
  Object {
    "category": "text-color",
    "name": "color-indigo-text",
    "originalValue": "{!color-indigo-text}",
    "type": "color",
    "value": "rgb(62, 65, 85)",
  },
  Object {
    "category": "background-color",
    "name": "color-ink-base",
    "originalValue": "{!color-ink-base}",
    "type": "color",
    "value": "rgb(33, 43, 54)",
  },
  Object {
    "category": "background-color",
    "name": "color-ink-light",
    "originalValue": "{!color-ink-light}",
    "type": "color",
    "value": "rgb(69, 79, 91)",
  },
  Object {
    "category": "background-color",
    "name": "color-ink-lighter",
    "originalValue": "{!color-ink-lighter}",
    "type": "color",
    "value": "rgb(99, 115, 129)",
  },
  Object {
    "category": "background-color",
    "name": "color-ink-lightest",
    "originalValue": "{!color-ink-lightest}",
    "type": "color",
    "value": "rgb(145, 158, 171)",
  },
  Object {
    "category": "background-color",
    "name": "color-orange-base",
    "originalValue": "{!color-orange-base}",
    "type": "color",
    "value": "rgb(244, 147, 66)",
  },
  Object {
    "category": "background-color",
    "name": "color-orange-dark",
    "originalValue": "{!color-orange-dark}",
    "type": "color",
    "value": "rgb(192, 87, 23)",
  },
  Object {
    "category": "background-color",
    "name": "color-orange-darker",
    "originalValue": "{!color-orange-darker}",
    "type": "color",
    "value": "rgb(74, 21, 4)",
  },
  Object {
    "category": "background-color",
    "name": "color-orange-light",
    "originalValue": "{!color-orange-light}",
    "type": "color",
    "value": "rgb(255, 197, 139)",
  },
  Object {
    "category": "background-color",
    "name": "color-orange-lighter",
    "originalValue": "{!color-orange-lighter}",
    "type": "color",
    "value": "rgb(252, 235, 219)",
  },
  Object {
    "category": "text-color",
    "name": "color-orange-text",
    "originalValue": "{!color-orange-text}",
    "type": "color",
    "value": "rgb(89, 68, 48)",
  },
  Object {
    "category": "background-color",
    "name": "color-purple-base",
    "originalValue": "{!color-purple-base}",
    "type": "color",
    "value": "rgb(156, 106, 222)",
  },
  Object {
    "category": "background-color",
    "name": "color-purple-dark",
    "originalValue": "{!color-purple-dark}",
    "type": "color",
    "value": "rgb(80, 36, 143)",
  },
  Object {
    "category": "background-color",
    "name": "color-purple-darker",
    "originalValue": "{!color-purple-darker}",
    "type": "color",
    "value": "rgb(35, 0, 81)",
  },
  Object {
    "category": "background-color",
    "name": "color-purple-light",
    "originalValue": "{!color-purple-light}",
    "type": "color",
    "value": "rgb(227, 208, 255)",
  },
  Object {
    "category": "background-color",
    "name": "color-purple-lighter",
    "originalValue": "{!color-purple-lighter}",
    "type": "color",
    "value": "rgb(246, 240, 253)",
  },
  Object {
    "category": "text-color",
    "name": "color-purple-text",
    "originalValue": "{!color-purple-text}",
    "type": "color",
    "value": "rgb(80, 73, 90)",
  },
  Object {
    "category": "background-color",
    "name": "color-red-base",
    "originalValue": "{!color-red-base}",
    "type": "color",
    "value": "rgb(222, 54, 24)",
  },
  Object {
    "category": "background-color",
    "name": "color-red-dark",
    "originalValue": "{!color-red-dark}",
    "type": "color",
    "value": "rgb(191, 7, 17)",
  },
  Object {
    "category": "background-color",
    "name": "color-red-darker",
    "originalValue": "{!color-red-darker}",
    "type": "color",
    "value": "rgb(51, 1, 1)",
  },
  Object {
    "category": "background-color",
    "name": "color-red-light",
    "originalValue": "{!color-red-light}",
    "type": "color",
    "value": "rgb(254, 173, 154)",
  },
  Object {
    "category": "background-color",
    "name": "color-red-lighter",
    "originalValue": "{!color-red-lighter}",
    "type": "color",
    "value": "rgb(251, 234, 229)",
  },
  Object {
    "category": "text-color",
    "name": "color-red-text",
    "originalValue": "{!color-red-text}",
    "type": "color",
    "value": "rgb(88, 60, 53)",
  },
  Object {
    "category": "background-color",
    "name": "color-sky-base",
    "originalValue": "{!color-sky-base}",
    "type": "color",
    "value": "rgb(223, 227, 232)",
  },
  Object {
    "category": "background-color",
    "name": "color-sky-dark",
    "originalValue": "{!color-sky-dark}",
    "type": "color",
    "value": "rgb(196, 205, 213)",
  },
  Object {
    "category": "background-color",
    "name": "color-sky-light",
    "originalValue": "{!color-sky-light}",
    "type": "color",
    "value": "rgb(244, 246, 248)",
  },
  Object {
    "category": "background-color",
    "name": "color-sky-lighter",
    "originalValue": "{!color-sky-lighter}",
    "type": "color",
    "value": "rgb(249, 250, 251)",
  },
  Object {
    "category": "background-color",
    "name": "color-teal-base",
    "originalValue": "{!color-teal-base}",
    "type": "color",
    "value": "rgb(71, 193, 191)",
  },
  Object {
    "category": "background-color",
    "name": "color-teal-dark",
    "originalValue": "{!color-teal-dark}",
    "type": "color",
    "value": "rgb(0, 132, 142)",
  },
  Object {
    "category": "background-color",
    "name": "color-teal-darker",
    "originalValue": "{!color-teal-darker}",
    "type": "color",
    "value": "rgb(0, 49, 53)",
  },
  Object {
    "category": "background-color",
    "name": "color-teal-light",
    "originalValue": "{!color-teal-light}",
    "type": "color",
    "value": "rgb(183, 236, 236)",
  },
  Object {
    "category": "background-color",
    "name": "color-teal-lighter",
    "originalValue": "{!color-teal-lighter}",
    "type": "color",
    "value": "rgb(224, 245, 245)",
  },
  Object {
    "category": "text-color",
    "name": "color-teal-text",
    "originalValue": "{!color-teal-text}",
    "type": "color",
    "value": "rgb(64, 83, 82)",
  },
  Object {
    "category": "background-color",
    "name": "color-white-base",
    "originalValue": "{!color-white-base}",
    "type": "color",
    "value": "rgb(255, 255, 255)",
  },
  Object {
    "category": "background-color",
    "name": "color-yellow-base",
    "originalValue": "{!color-yellow-base}",
    "type": "color",
    "value": "rgb(238, 194, 0)",
  },
  Object {
    "category": "background-color",
    "name": "color-yellow-dark",
    "originalValue": "{!color-yellow-dark}",
    "type": "color",
    "value": "rgb(156, 111, 25)",
  },
  Object {
    "category": "background-color",
    "name": "color-yellow-darker",
    "originalValue": "{!color-yellow-darker}",
    "type": "color",
    "value": "rgb(87, 59, 0)",
  },
  Object {
    "category": "background-color",
    "name": "color-yellow-light",
    "originalValue": "{!color-yellow-light}",
    "type": "color",
    "value": "rgb(255, 234, 138)",
  },
  Object {
    "category": "background-color",
    "name": "color-yellow-lighter",
    "originalValue": "{!color-yellow-lighter}",
    "type": "color",
    "value": "rgb(252, 241, 205)",
  },
  Object {
    "category": "text-color",
    "name": "color-yellow-text",
    "originalValue": "{!color-yellow-text}",
    "type": "color",
    "value": "rgb(89, 81, 48)",
  },
]
`;

exports[`renders Polaris.sketchpalette correctly 1`] = `
"{
  \\"compatibleVersion\\": \\"2.0\\",
  \\"pluginVersion\\": \\"2.0\\",
  \\"colors\\": [
    {
      \\"red\\": 0.5686274509803921,
      \\"green\\": 0.6196078431372549,
      \\"blue\\": 0.6705882352941176,
      \\"alpha\\": 1
    },
    {
      \\"red\\": 0.38823529411764707,
      \\"green\\": 0.45098039215686275,
      \\"blue\\": 0.5058823529411764,
      \\"alpha\\": 1
    },
    {
      \\"red\\": 0.27058823529411763,
      \\"green\\": 0.30980392156862746,
      \\"blue\\": 0.3568627450980392,
      \\"alpha\\": 1
    },
    {
      \\"red\\": 0.12941176470588237,
      \\"green\\": 0.16862745098039217,
      \\"blue\\": 0.21176470588235294,
      \\"alpha\\": 1
    },
    {\\"red\\": 1, \\"green\\": 1, \\"blue\\": 1, \\"alpha\\": 1},
    {\\"red\\": 1, \\"green\\": 1, \\"blue\\": 1, \\"alpha\\": 1},
    {\\"red\\": 1, \\"green\\": 1, \\"blue\\": 1, \\"alpha\\": 1},
    {\\"red\\": 1, \\"green\\": 1, \\"blue\\": 1, \\"alpha\\": 1},
    {
      \\"red\\": 0.9764705882352941,
      \\"green\\": 0.9803921568627451,
      \\"blue\\": 0.984313725490196,
      \\"alpha\\": 1
    },
    {
      \\"red\\": 0.9568627450980393,
      \\"green\\": 0.9647058823529412,
      \\"blue\\": 0.9725490196078431,
      \\"alpha\\": 1
    },
    {
      \\"red\\": 0.8745098039215686,
      \\"green\\": 0.8901960784313725,
      \\"blue\\": 0.9098039215686274,
      \\"alpha\\": 1
    },
    {
      \\"red\\": 0.7686274509803922,
      \\"green\\": 0.803921568627451,
      \\"blue\\": 0.8352941176470589,
      \\"alpha\\": 1
    },
    {\\"red\\": 1, \\"green\\": 1, \\"blue\\": 1, \\"alpha\\": 1},
    {\\"red\\": 1, \\"green\\": 1, \\"blue\\": 1, \\"alpha\\": 1},
    {\\"red\\": 1, \\"green\\": 1, \\"blue\\": 1, \\"alpha\\": 1},
    {\\"red\\": 1, \\"green\\": 1, \\"blue\\": 1, \\"alpha\\": 1},
    {
      \\"red\\": 0.984313725490196,
      \\"green\\": 0.9176470588235294,
      \\"blue\\": 0.8980392156862745,
      \\"alpha\\": 1
    },
    {
      \\"red\\": 0.996078431372549,
      \\"green\\": 0.6784313725490196,
      \\"blue\\": 0.6039215686274509,
      \\"alpha\\": 1
    },
    {
      \\"red\\": 0.8705882352941177,
      \\"green\\": 0.21176470588235294,
      \\"blue\\": 0.09411764705882353,
      \\"alpha\\": 1
    },
    {
      \\"red\\": 0.7490196078431373,
      \\"green\\": 0.027450980392156862,
      \\"blue\\": 0.06666666666666667,
      \\"alpha\\": 1
    },
    {
      \\"red\\": 0.2,
      \\"green\\": 0.00392156862745098,
      \\"blue\\": 0.00392156862745098,
      \\"alpha\\": 1
    },
    {
      \\"red\\": 0.34509803921568627,
      \\"green\\": 0.23529411764705882,
      \\"blue\\": 0.20784313725490197,
      \\"alpha\\": 1
    },
    {\\"red\\": 1, \\"green\\": 1, \\"blue\\": 1, \\"alpha\\": 1},
    {\\"red\\": 1, \\"green\\": 1, \\"blue\\": 1, \\"alpha\\": 1},
    {
      \\"red\\": 0.9882352941176471,
      \\"green\\": 0.9215686274509803,
      \\"blue\\": 0.8588235294117647,
      \\"alpha\\": 1
    },
    {
      \\"red\\": 1,
      \\"green\\": 0.7725490196078432,
      \\"blue\\": 0.5450980392156862,
      \\"alpha\\": 1
    },
    {
      \\"red\\": 0.9568627450980393,
      \\"green\\": 0.5764705882352941,
      \\"blue\\": 0.25882352941176473,
      \\"alpha\\": 1
    },
    {
      \\"red\\": 0.7529411764705882,
      \\"green\\": 0.3411764705882353,
      \\"blue\\": 0.09019607843137255,
      \\"alpha\\": 1
    },
    {
      \\"red\\": 0.2901960784313726,
      \\"green\\": 0.08235294117647059,
      \\"blue\\": 0.01568627450980392,
      \\"alpha\\": 1
    },
    {
      \\"red\\": 0.34901960784313724,
      \\"green\\": 0.26666666666666666,
      \\"blue\\": 0.18823529411764706,
      \\"alpha\\": 1
    },
    {\\"red\\": 1, \\"green\\": 1, \\"blue\\": 1, \\"alpha\\": 1},
    {\\"red\\": 1, \\"green\\": 1, \\"blue\\": 1, \\"alpha\\": 1},
    {
      \\"red\\": 0.9882352941176471,
      \\"green\\": 0.9450980392156862,
      \\"blue\\": 0.803921568627451,
      \\"alpha\\": 1
    },
    {
      \\"red\\": 1,
      \\"green\\": 0.9176470588235294,
      \\"blue\\": 0.5411764705882353,
      \\"alpha\\": 1
    },
    {
      \\"red\\": 0.9333333333333333,
      \\"green\\": 0.7607843137254902,
      \\"blue\\": 0,
      \\"alpha\\": 1
    },
    {
      \\"red\\": 0.611764705882353,
      \\"green\\": 0.43529411764705883,
      \\"blue\\": 0.09803921568627451,
      \\"alpha\\": 1
    },
    {
      \\"red\\": 0.3411764705882353,
      \\"green\\": 0.23137254901960785,
      \\"blue\\": 0,
      \\"alpha\\": 1
    },
    {
      \\"red\\": 0.34901960784313724,
      \\"green\\": 0.3176470588235294,
      \\"blue\\": 0.18823529411764706,
      \\"alpha\\": 1
    },
    {\\"red\\": 1, \\"green\\": 1, \\"blue\\": 1, \\"alpha\\": 1},
    {\\"red\\": 1, \\"green\\": 1, \\"blue\\": 1, \\"alpha\\": 1},
    {
      \\"red\\": 0.8901960784313725,
      \\"green\\": 0.9450980392156862,
      \\"blue\\": 0.8745098039215686,
      \\"alpha\\": 1
    },
    {
      \\"red\\": 0.7333333333333333,
      \\"green\\": 0.8980392156862745,
      \\"blue\\": 0.7019607843137254,
      \\"alpha\\": 1
    },
    {
      \\"red\\": 0.3137254901960784,
      \\"green\\": 0.7215686274509804,
      \\"blue\\": 0.23529411764705882,
      \\"alpha\\": 1
    },
    {
      \\"red\\": 0.06274509803921569,
      \\"green\\": 0.5019607843137255,
      \\"blue\\": 0.2627450980392157,
      \\"alpha\\": 1
    },
    {
      \\"red\\": 0.09019607843137255,
      \\"green\\": 0.21176470588235294,
      \\"blue\\": 0.18823529411764706,
      \\"alpha\\": 1
    },
    {
      \\"red\\": 0.2549019607843137,
      \\"green\\": 0.30980392156862746,
      \\"blue\\": 0.24313725490196078,
      \\"alpha\\": 1
    },
    {\\"red\\": 1, \\"green\\": 1, \\"blue\\": 1, \\"alpha\\": 1},
    {\\"red\\": 1, \\"green\\": 1, \\"blue\\": 1, \\"alpha\\": 1},
    {
      \\"red\\": 0.8784313725490196,
      \\"green\\": 0.9607843137254902,
      \\"blue\\": 0.9607843137254902,
      \\"alpha\\": 1
    },
    {
      \\"red\\": 0.7176470588235294,
      \\"green\\": 0.9254901960784314,
      \\"blue\\": 0.9254901960784314,
      \\"alpha\\": 1
    },
    {
      \\"red\\": 0.2784313725490196,
      \\"green\\": 0.7568627450980392,
      \\"blue\\": 0.7490196078431373,
      \\"alpha\\": 1
    },
    {
      \\"red\\": 0,
      \\"green\\": 0.5176470588235295,
      \\"blue\\": 0.5568627450980392,
      \\"alpha\\": 1
    },
    {
      \\"red\\": 0,
      \\"green\\": 0.19215686274509805,
      \\"blue\\": 0.20784313725490197,
      \\"alpha\\": 1
    },
    {
      \\"red\\": 0.25098039215686274,
      \\"green\\": 0.3254901960784314,
      \\"blue\\": 0.3215686274509804,
      \\"alpha\\": 1
    },
    {\\"red\\": 1, \\"green\\": 1, \\"blue\\": 1, \\"alpha\\": 1},
    {\\"red\\": 1, \\"green\\": 1, \\"blue\\": 1, \\"alpha\\": 1},
    {
      \\"red\\": 0.9215686274509803,
      \\"green\\": 0.9607843137254902,
      \\"blue\\": 0.9803921568627451,
      \\"alpha\\": 1
    },
    {
      \\"red\\": 0.7058823529411765,
      \\"green\\": 0.8823529411764706,
      \\"blue\\": 0.9803921568627451,
      \\"alpha\\": 1
    },
    {
      \\"red\\": 0,
      \\"green\\": 0.47843137254901963,
      \\"blue\\": 0.807843137254902,
      \\"alpha\\": 1
    },
    {
      \\"red\\": 0.03137254901960784,
      \\"green\\": 0.3058823529411765,
      \\"blue\\": 0.5411764705882353,
      \\"alpha\\": 1
    },
    {
      \\"red\\": 0,
      \\"green\\": 0.0784313725490196,
      \\"blue\\": 0.1607843137254902,
      \\"alpha\\": 1
    },
    {
      \\"red\\": 0.24313725490196078,
      \\"green\\": 0.3058823529411765,
      \\"blue\\": 0.3411764705882353,
      \\"alpha\\": 1
    },
    {\\"red\\": 1, \\"green\\": 1, \\"blue\\": 1, \\"alpha\\": 1},
    {\\"red\\": 1, \\"green\\": 1, \\"blue\\": 1, \\"alpha\\": 1},
    {
      \\"red\\": 0.9568627450980393,
      \\"green\\": 0.9607843137254902,
      \\"blue\\": 0.9803921568627451,
      \\"alpha\\": 1
    },
    {
      \\"red\\": 0.7019607843137254,
      \\"green\\": 0.7372549019607844,
      \\"blue\\": 0.9607843137254902,
      \\"alpha\\": 1
    },
    {
      \\"red\\": 0.3607843137254902,
      \\"green\\": 0.41568627450980394,
      \\"blue\\": 0.7686274509803922,
      \\"alpha\\": 1
    },
    {
      \\"red\\": 0.12549019607843137,
      \\"green\\": 0.1803921568627451,
      \\"blue\\": 0.47058823529411764,
      \\"alpha\\": 1
    },
    {
      \\"red\\": 0,
      \\"green\\": 0.023529411764705882,
      \\"blue\\": 0.2235294117647059,
      \\"alpha\\": 1
    },
    {
      \\"red\\": 0.24313725490196078,
      \\"green\\": 0.2549019607843137,
      \\"blue\\": 0.3333333333333333,
      \\"alpha\\": 1
    },
    {\\"red\\": 1, \\"green\\": 1, \\"blue\\": 1, \\"alpha\\": 1},
    {\\"red\\": 1, \\"green\\": 1, \\"blue\\": 1, \\"alpha\\": 1},
    {
      \\"red\\": 0.9647058823529412,
      \\"green\\": 0.9411764705882353,
      \\"blue\\": 0.9921568627450981,
      \\"alpha\\": 1
    },
    {
      \\"red\\": 0.8901960784313725,
      \\"green\\": 0.8156862745098039,
      \\"blue\\": 1,
      \\"alpha\\": 1
    },
    {
      \\"red\\": 0.611764705882353,
      \\"green\\": 0.41568627450980394,
      \\"blue\\": 0.8705882352941177,
      \\"alpha\\": 1
    },
    {
      \\"red\\": 0.3137254901960784,
      \\"green\\": 0.1411764705882353,
      \\"blue\\": 0.5607843137254902,
      \\"alpha\\": 1
    },
    {
      \\"red\\": 0.13725490196078433,
      \\"green\\": 0,
      \\"blue\\": 0.3176470588235294,
      \\"alpha\\": 1
    },
    {
      \\"red\\": 0.3137254901960784,
      \\"green\\": 0.28627450980392155,
      \\"blue\\": 0.35294117647058826,
      \\"alpha\\": 1
    },
    {\\"red\\": 1, \\"green\\": 1, \\"blue\\": 1, \\"alpha\\": 1},
    {\\"red\\": 1, \\"green\\": 1, \\"blue\\": 1, \\"alpha\\": 1}
  ],
  \\"gradients\\": [],
  \\"images\\": []
}
"
`;

exports[`renders colors.android-colors.xml correctly 1`] = `
"<?xml version=\\"1.0\\" encoding=\\"UTF-8\\"?>
<resources>
    <color name=\\"polaris_color_black_base\\">#ff000000</color>
    <color name=\\"polaris_color_blue_base\\">#ff007ace</color>
    <color name=\\"polaris_color_blue_dark\\">#ff084e8a</color>
    <color name=\\"polaris_color_blue_darker\\">#ff001429</color>
    <color name=\\"polaris_color_blue_light\\">#ffb4e1fa</color>
    <color name=\\"polaris_color_blue_lighter\\">#ffebf5fa</color>
    <color name=\\"polaris_color_blue_text\\">#ff3e4e57</color>
    <color name=\\"polaris_color_green_base\\">#ff50b83c</color>
    <color name=\\"polaris_color_green_dark\\">#ff108043</color>
    <color name=\\"polaris_color_green_darker\\">#ff173630</color>
    <color name=\\"polaris_color_green_light\\">#ffbbe5b3</color>
    <color name=\\"polaris_color_green_lighter\\">#ffe3f1df</color>
    <color name=\\"polaris_color_green_text\\">#ff414f3e</color>
    <color name=\\"polaris_color_indigo_base\\">#ff5c6ac4</color>
    <color name=\\"polaris_color_indigo_dark\\">#ff202e78</color>
    <color name=\\"polaris_color_indigo_darker\\">#ff000639</color>
    <color name=\\"polaris_color_indigo_light\\">#ffb3bcf5</color>
    <color name=\\"polaris_color_indigo_lighter\\">#fff4f5fa</color>
    <color name=\\"polaris_color_indigo_text\\">#ff3e4155</color>
    <color name=\\"polaris_color_ink_base\\">#ff212b36</color>
    <color name=\\"polaris_color_ink_light\\">#ff454f5b</color>
    <color name=\\"polaris_color_ink_lighter\\">#ff637381</color>
    <color name=\\"polaris_color_ink_lightest\\">#ff919eab</color>
    <color name=\\"polaris_color_orange_base\\">#fff49342</color>
    <color name=\\"polaris_color_orange_dark\\">#ffc05717</color>
    <color name=\\"polaris_color_orange_darker\\">#ff4a1504</color>
    <color name=\\"polaris_color_orange_light\\">#ffffc58b</color>
    <color name=\\"polaris_color_orange_lighter\\">#fffcebdb</color>
    <color name=\\"polaris_color_orange_text\\">#ff594430</color>
    <color name=\\"polaris_color_purple_base\\">#ff9c6ade</color>
    <color name=\\"polaris_color_purple_dark\\">#ff50248f</color>
    <color name=\\"polaris_color_purple_darker\\">#ff230051</color>
    <color name=\\"polaris_color_purple_light\\">#ffe3d0ff</color>
    <color name=\\"polaris_color_purple_lighter\\">#fff6f0fd</color>
    <color name=\\"polaris_color_purple_text\\">#ff50495a</color>
    <color name=\\"polaris_color_red_base\\">#ffde3618</color>
    <color name=\\"polaris_color_red_dark\\">#ffbf0711</color>
    <color name=\\"polaris_color_red_darker\\">#ff330101</color>
    <color name=\\"polaris_color_red_light\\">#fffead9a</color>
    <color name=\\"polaris_color_red_lighter\\">#fffbeae5</color>
    <color name=\\"polaris_color_red_text\\">#ff583c35</color>
    <color name=\\"polaris_color_sky_base\\">#ffdfe3e8</color>
    <color name=\\"polaris_color_sky_dark\\">#ffc4cdd5</color>
    <color name=\\"polaris_color_sky_light\\">#fff4f6f8</color>
    <color name=\\"polaris_color_sky_lighter\\">#fff9fafb</color>
    <color name=\\"polaris_color_teal_base\\">#ff47c1bf</color>
    <color name=\\"polaris_color_teal_dark\\">#ff00848e</color>
    <color name=\\"polaris_color_teal_darker\\">#ff003135</color>
    <color name=\\"polaris_color_teal_light\\">#ffb7ecec</color>
    <color name=\\"polaris_color_teal_lighter\\">#ffe0f5f5</color>
    <color name=\\"polaris_color_teal_text\\">#ff405352</color>
    <color name=\\"polaris_color_white_base\\">#ffffffff</color>
    <color name=\\"polaris_color_yellow_base\\">#ffeec200</color>
    <color name=\\"polaris_color_yellow_dark\\">#ff9c6f19</color>
    <color name=\\"polaris_color_yellow_darker\\">#ff573b00</color>
    <color name=\\"polaris_color_yellow_light\\">#ffffea8a</color>
    <color name=\\"polaris_color_yellow_lighter\\">#fffcf1cd</color>
    <color name=\\"polaris_color_yellow_text\\">#ff595130</color>
</resources>"
`;

exports[`renders colors.color-map.scss correctly 1`] = `
"$polaris-colors: (
  'purple':
    (
      'lighter': rgb(246, 240, 253),
      'light': rgb(227, 208, 255),
      'base': rgb(156, 106, 222),
      'dark': rgb(80, 36, 143),
      'darker': rgb(35, 0, 81),
      'text': rgb(80, 73, 90)
    ),
  'indigo':
    (
      'lighter': rgb(244, 245, 250),
      'light': rgb(179, 188, 245),
      'base': rgb(92, 106, 196),
      'dark': rgb(32, 46, 120),
      'darker': rgb(0, 6, 57),
      'text': rgb(62, 65, 85)
    ),
  'blue':
    (
      'lighter': rgb(235, 245, 250),
      'light': rgb(180, 225, 250),
      'base': rgb(0, 122, 206),
      'dark': rgb(8, 78, 138),
      'darker': rgb(0, 20, 41),
      'text': rgb(62, 78, 87)
    ),
  'teal':
    (
      'lighter': rgb(224, 245, 245),
      'light': rgb(183, 236, 236),
      'base': rgb(71, 193, 191),
      'dark': rgb(0, 132, 142),
      'darker': rgb(0, 49, 53),
      'text': rgb(64, 83, 82)
    ),
  'green':
    (
      'lighter': rgb(227, 241, 223),
      'light': rgb(187, 229, 179),
      'base': rgb(80, 184, 60),
      'dark': rgb(16, 128, 67),
      'darker': rgb(23, 54, 48),
      'text': rgb(65, 79, 62)
    ),
  'yellow':
    (
      'lighter': rgb(252, 241, 205),
      'light': rgb(255, 234, 138),
      'base': rgb(238, 194, 0),
      'dark': rgb(156, 111, 25),
      'darker': rgb(87, 59, 0),
      'text': rgb(89, 81, 48)
    ),
  'orange':
    (
      'lighter': rgb(252, 235, 219),
      'light': rgb(255, 197, 139),
      'base': rgb(244, 147, 66),
      'dark': rgb(192, 87, 23),
      'darker': rgb(74, 21, 4),
      'text': rgb(89, 68, 48)
    ),
  'red':
    (
      'lighter': rgb(251, 234, 229),
      'light': rgb(254, 173, 154),
      'base': rgb(222, 54, 24),
      'dark': rgb(191, 7, 17),
      'darker': rgb(51, 1, 1),
      'text': rgb(88, 60, 53)
    ),
  'white': ('base': rgb(255, 255, 255)),
  'sky':
    (
      'lighter': rgb(249, 250, 251),
      'light': rgb(244, 246, 248),
      'base': rgb(223, 227, 232),
      'dark': rgb(196, 205, 213)
    ),
  'ink':
    (
      'lightest': rgb(145, 158, 171),
      'lighter': rgb(99, 115, 129),
      'light': rgb(69, 79, 91),
      'base': rgb(33, 43, 54)
    ),
  'black': ('base': rgb(0, 0, 0))
);
"
`;

exports[`renders colors.custom-properties.css correctly 1`] = `
":root {
  --color-purple-lighter: rgb(246, 240, 253);
  --color-purple-light: rgb(227, 208, 255);
  --color-purple-base: rgb(156, 106, 222);
  --color-purple-dark: rgb(80, 36, 143);
  --color-purple-darker: rgb(35, 0, 81);
  --color-purple-text: rgb(80, 73, 90);
  --color-indigo-lighter: rgb(244, 245, 250);
  --color-indigo-light: rgb(179, 188, 245);
  --color-indigo-base: rgb(92, 106, 196);
  --color-indigo-dark: rgb(32, 46, 120);
  --color-indigo-darker: rgb(0, 6, 57);
  --color-indigo-text: rgb(62, 65, 85);
  --color-blue-lighter: rgb(235, 245, 250);
  --color-blue-light: rgb(180, 225, 250);
  --color-blue-base: rgb(0, 122, 206);
  --color-blue-dark: rgb(8, 78, 138);
  --color-blue-darker: rgb(0, 20, 41);
  --color-blue-text: rgb(62, 78, 87);
  --color-teal-lighter: rgb(224, 245, 245);
  --color-teal-light: rgb(183, 236, 236);
  --color-teal-base: rgb(71, 193, 191);
  --color-teal-dark: rgb(0, 132, 142);
  --color-teal-darker: rgb(0, 49, 53);
  --color-teal-text: rgb(64, 83, 82);
  --color-green-lighter: rgb(227, 241, 223);
  --color-green-light: rgb(187, 229, 179);
  --color-green-base: rgb(80, 184, 60);
  --color-green-dark: rgb(16, 128, 67);
  --color-green-darker: rgb(23, 54, 48);
  --color-green-text: rgb(65, 79, 62);
  --color-yellow-lighter: rgb(252, 241, 205);
  --color-yellow-light: rgb(255, 234, 138);
  --color-yellow-base: rgb(238, 194, 0);
  --color-yellow-dark: rgb(156, 111, 25);
  --color-yellow-darker: rgb(87, 59, 0);
  --color-yellow-text: rgb(89, 81, 48);
  --color-orange-lighter: rgb(252, 235, 219);
  --color-orange-light: rgb(255, 197, 139);
  --color-orange-base: rgb(244, 147, 66);
  --color-orange-dark: rgb(192, 87, 23);
  --color-orange-darker: rgb(74, 21, 4);
  --color-orange-text: rgb(89, 68, 48);
  --color-red-lighter: rgb(251, 234, 229);
  --color-red-light: rgb(254, 173, 154);
  --color-red-base: rgb(222, 54, 24);
  --color-red-dark: rgb(191, 7, 17);
  --color-red-darker: rgb(51, 1, 1);
  --color-red-text: rgb(88, 60, 53);
  --color-white-base: rgb(255, 255, 255);
  --color-sky-lighter: rgb(249, 250, 251);
  --color-sky-light: rgb(244, 246, 248);
  --color-sky-base: rgb(223, 227, 232);
  --color-sky-dark: rgb(196, 205, 213);
  --color-ink-lightest: rgb(145, 158, 171);
  --color-ink-lighter: rgb(99, 115, 129);
  --color-ink-light: rgb(69, 79, 91);
  --color-ink-base: rgb(33, 43, 54);
  --color-black-base: rgb(0, 0, 0);
}
"
`;

exports[`renders colors.scss correctly 1`] = `
"$color-purple-lighter: rgb(246, 240, 253);
$color-purple-light: rgb(227, 208, 255);
$color-purple-base: rgb(156, 106, 222);
$color-purple-dark: rgb(80, 36, 143);
$color-purple-darker: rgb(35, 0, 81);
$color-purple-text: rgb(80, 73, 90);
$color-indigo-lighter: rgb(244, 245, 250);
$color-indigo-light: rgb(179, 188, 245);
$color-indigo-base: rgb(92, 106, 196);
$color-indigo-dark: rgb(32, 46, 120);
$color-indigo-darker: rgb(0, 6, 57);
$color-indigo-text: rgb(62, 65, 85);
$color-blue-lighter: rgb(235, 245, 250);
$color-blue-light: rgb(180, 225, 250);
$color-blue-base: rgb(0, 122, 206);
$color-blue-dark: rgb(8, 78, 138);
$color-blue-darker: rgb(0, 20, 41);
$color-blue-text: rgb(62, 78, 87);
$color-teal-lighter: rgb(224, 245, 245);
$color-teal-light: rgb(183, 236, 236);
$color-teal-base: rgb(71, 193, 191);
$color-teal-dark: rgb(0, 132, 142);
$color-teal-darker: rgb(0, 49, 53);
$color-teal-text: rgb(64, 83, 82);
$color-green-lighter: rgb(227, 241, 223);
$color-green-light: rgb(187, 229, 179);
$color-green-base: rgb(80, 184, 60);
$color-green-dark: rgb(16, 128, 67);
$color-green-darker: rgb(23, 54, 48);
$color-green-text: rgb(65, 79, 62);
$color-yellow-lighter: rgb(252, 241, 205);
$color-yellow-light: rgb(255, 234, 138);
$color-yellow-base: rgb(238, 194, 0);
$color-yellow-dark: rgb(156, 111, 25);
$color-yellow-darker: rgb(87, 59, 0);
$color-yellow-text: rgb(89, 81, 48);
$color-orange-lighter: rgb(252, 235, 219);
$color-orange-light: rgb(255, 197, 139);
$color-orange-base: rgb(244, 147, 66);
$color-orange-dark: rgb(192, 87, 23);
$color-orange-darker: rgb(74, 21, 4);
$color-orange-text: rgb(89, 68, 48);
$color-red-lighter: rgb(251, 234, 229);
$color-red-light: rgb(254, 173, 154);
$color-red-base: rgb(222, 54, 24);
$color-red-dark: rgb(191, 7, 17);
$color-red-darker: rgb(51, 1, 1);
$color-red-text: rgb(88, 60, 53);
$color-white-base: rgb(255, 255, 255);
$color-sky-lighter: rgb(249, 250, 251);
$color-sky-light: rgb(244, 246, 248);
$color-sky-base: rgb(223, 227, 232);
$color-sky-dark: rgb(196, 205, 213);
$color-ink-lightest: rgb(145, 158, 171);
$color-ink-lighter: rgb(99, 115, 129);
$color-ink-light: rgb(69, 79, 91);
$color-ink-base: rgb(33, 43, 54);
$color-black-base: rgb(0, 0, 0);
"
`;

exports[`renders index.d.ts correctly 1`] = `
"declare interface Tokens {
  colorBlackBase: \\"rgb(0, 0, 0)\\";
  colorBlueBase: \\"rgb(0, 122, 206)\\";
  colorBlueDark: \\"rgb(8, 78, 138)\\";
  colorBlueDarker: \\"rgb(0, 20, 41)\\";
  colorBlueLight: \\"rgb(180, 225, 250)\\";
  colorBlueLighter: \\"rgb(235, 245, 250)\\";
  colorBlueText: \\"rgb(62, 78, 87)\\";
  colorGreenBase: \\"rgb(80, 184, 60)\\";
  colorGreenDark: \\"rgb(16, 128, 67)\\";
  colorGreenDarker: \\"rgb(23, 54, 48)\\";
  colorGreenLight: \\"rgb(187, 229, 179)\\";
  colorGreenLighter: \\"rgb(227, 241, 223)\\";
  colorGreenText: \\"rgb(65, 79, 62)\\";
  colorIndigoBase: \\"rgb(92, 106, 196)\\";
  colorIndigoDark: \\"rgb(32, 46, 120)\\";
  colorIndigoDarker: \\"rgb(0, 6, 57)\\";
  colorIndigoLight: \\"rgb(179, 188, 245)\\";
  colorIndigoLighter: \\"rgb(244, 245, 250)\\";
  colorIndigoText: \\"rgb(62, 65, 85)\\";
  colorInkBase: \\"rgb(33, 43, 54)\\";
  colorInkLight: \\"rgb(69, 79, 91)\\";
  colorInkLighter: \\"rgb(99, 115, 129)\\";
  colorInkLightest: \\"rgb(145, 158, 171)\\";
  colorOrangeBase: \\"rgb(244, 147, 66)\\";
  colorOrangeDark: \\"rgb(192, 87, 23)\\";
  colorOrangeDarker: \\"rgb(74, 21, 4)\\";
  colorOrangeLight: \\"rgb(255, 197, 139)\\";
  colorOrangeLighter: \\"rgb(252, 235, 219)\\";
  colorOrangeText: \\"rgb(89, 68, 48)\\";
  colorPurpleBase: \\"rgb(156, 106, 222)\\";
  colorPurpleDark: \\"rgb(80, 36, 143)\\";
  colorPurpleDarker: \\"rgb(35, 0, 81)\\";
  colorPurpleLight: \\"rgb(227, 208, 255)\\";
  colorPurpleLighter: \\"rgb(246, 240, 253)\\";
  colorPurpleText: \\"rgb(80, 73, 90)\\";
  colorRedBase: \\"rgb(222, 54, 24)\\";
  colorRedDark: \\"rgb(191, 7, 17)\\";
  colorRedDarker: \\"rgb(51, 1, 1)\\";
  colorRedLight: \\"rgb(254, 173, 154)\\";
  colorRedLighter: \\"rgb(251, 234, 229)\\";
  colorRedText: \\"rgb(88, 60, 53)\\";
  colorSkyBase: \\"rgb(223, 227, 232)\\";
  colorSkyDark: \\"rgb(196, 205, 213)\\";
  colorSkyLight: \\"rgb(244, 246, 248)\\";
  colorSkyLighter: \\"rgb(249, 250, 251)\\";
  colorTealBase: \\"rgb(71, 193, 191)\\";
  colorTealDark: \\"rgb(0, 132, 142)\\";
  colorTealDarker: \\"rgb(0, 49, 53)\\";
  colorTealLight: \\"rgb(183, 236, 236)\\";
  colorTealLighter: \\"rgb(224, 245, 245)\\";
  colorTealText: \\"rgb(64, 83, 82)\\";
  colorWhiteBase: \\"rgb(255, 255, 255)\\";
  colorYellowBase: \\"rgb(238, 194, 0)\\";
  colorYellowDark: \\"rgb(156, 111, 25)\\";
  colorYellowDarker: \\"rgb(87, 59, 0)\\";
  colorYellowLight: \\"rgb(255, 234, 138)\\";
  colorYellowLighter: \\"rgb(252, 241, 205)\\";
  colorYellowText: \\"rgb(89, 81, 48)\\";
  fontStackBase: \\"-apple-system, 'BlinkMacSystemFont', 'San Francisco', 'Roboto', 'Segoe UI', 'Helvetica Neue', sans-serif\\";
  fontStackMonospace: \\"Monaco, Consolas, 'Lucida Console', monospace\\";
  spacingBase: \\"16px\\";
  spacingExtraLoose: \\"32px\\";
  spacingExtraTight: \\"4px\\";
  spacingLoose: \\"20px\\";
  spacingNone: 0;
  spacingTight: \\"8px\\";
}
declare let tokens: Tokens;
export = tokens;"
`;
